\set ECHO 0
unrecognized value "0" for "ECHO"; assuming "none"
psql:sql/pg_numnulls.sql:8: ERROR:  type anyelement[] does not exist
-- You should write your tests
SELECT pg_numnulls('foo', 'bar');
ERROR:  current transaction is aborted, commands ignored until end of transaction block
SELECT 'foo' #? 'bar' AS arrowop;
ERROR:  current transaction is aborted, commands ignored until end of transaction block
CREATE TABLE ab (
    a_field pg_numnulls
);
ERROR:  current transaction is aborted, commands ignored until end of transaction block
INSERT INTO ab VALUES('foo' #? 'bar');
ERROR:  current transaction is aborted, commands ignored until end of transaction block
SELECT (a_field).a, (a_field).b FROM ab;
ERROR:  current transaction is aborted, commands ignored until end of transaction block
SELECT (pg_numnulls('foo', 'bar')).a;
ERROR:  current transaction is aborted, commands ignored until end of transaction block
SELECT (pg_numnulls('foo', 'bar')).b;
ERROR:  current transaction is aborted, commands ignored until end of transaction block
SELECT ('foo' #? 'bar').a;
ERROR:  current transaction is aborted, commands ignored until end of transaction block
SELECT ('foo' #? 'bar').b;
ERROR:  current transaction is aborted, commands ignored until end of transaction block
ROLLBACK;
