\set ECHO none
 null_count 
------------
          1
(1 row)

 null_count 
------------
          1
(1 row)

TRANSACTION INTENTIONALLY LEFT OPEN
